error: number '09' has leading zero in line: 1
error: base prefix must be lowercase in line: 2
error: expected a digit after base prefix in line: 3
error: invalid base for float literal in line: 4
error: repeated digit separator in line: 5
error: expected digit before digit separator in line: 6
error: invalid digit '2' for binary base in line: 7
error: invalid digit 'x' for decimal base in line: 8
error: invalid digit 'a' in exponent in line: 9
error: duplicate exponent in line: 10
error: expected digit before exponent in line: 11
error: expected digit before '.' in line: 12
error: expected digit after 'e' in line: 13
error: trailing digit separator in line: 14
error: sign '+' cannot follow digit 'e' in hex base in line: 15
error: unexpected period after exponent in line: 16
error: unexpected period after exponent in line: 17
error: expected a digit after base prefix in line: 18
