Line 1: invalid number literal: 0x_
Line 2: invalid number literal: 0b_
Line 3: invalid number literal: 0o_
Line 4: invalid number literal: 0x1_
Line 5: invalid number literal: 1__0
Line 6: invalid number literal: 1_
Line 7: invalid number literal: 0b2
Line 8: invalid number literal: 0o8
Line 9: invalid number literal: 09
Line 10: invalid number literal: 0x1g
Line 11: invalid number literal: 1.5x
Line 12: invalid number literal: 1._5
Line 13: invalid number literal: 1e_5
Line 14: invalid number literal: 1.e5
Line 15: invalid number literal: 0x.8
Line 16: invalid number literal: 1e5.0
Line 17: invalid number literal: 0X10
